version: 1
applications:
  - appRoot: apps/vite-react
    frontend:
      phases:
        build:
          commands:
            - corepack enable
            - pnpm install
            - pnpm run build
      artifacts:
        baseDirectory: dist
        files:
          - "**/*"
      cache:
        paths:
          - "node_modules/**/*"
      buildPath: /
